// Jest Snapshot v1, https://goo.gl/fbAQLP

exports[`Pruebas en <GifGridItem/> Se debe mostrar correctamente 1`] = `
<div
  className="card animate__animated animate__fadeIn"
>
  <img
    alt="Titulo del GIF"
    src="https://media.giphy.com/media/CsdYnIX8x44pdUeLBd/giphy-downsized-large.gif"
  />
  <p>
     
    Titulo del GIF
     
  </p>
</div>
`;
